2023-10-12 16:04:55,552 - INFO - Current time: Thu Oct 12 16:04:55 2023
2023-10-12 16:04:57,559 - INFO - Current time: Thu Oct 12 16:04:57 2023
2023-10-12 16:04:59,562 - INFO - Current time: Thu Oct 12 16:04:59 2023
2023-10-12 16:05:01,570 - INFO - Current time: Thu Oct 12 16:05:01 2023
2023-10-12 16:05:03,576 - INFO - Current time: Thu Oct 12 16:05:03 2023
2023-10-12 16:05:05,584 - INFO - Current time: Thu Oct 12 16:05:05 2023
2023-10-12 16:05:07,593 - INFO - Current time: Thu Oct 12 16:05:07 2023
2023-10-12 16:05:09,605 - INFO - Current time: Thu Oct 12 16:05:09 2023
2023-10-12 16:05:11,607 - INFO - Current time: Thu Oct 12 16:05:11 2023
2023-10-12 16:05:13,615 - INFO - Current time: Thu Oct 12 16:05:13 2023
2023-10-12 16:05:15,626 - INFO - Current time: Thu Oct 12 16:05:15 2023
2023-10-12 16:05:17,632 - INFO - Current time: Thu Oct 12 16:05:17 2023
2023-10-12 16:05:19,641 - INFO - Current time: Thu Oct 12 16:05:19 2023
2023-10-12 16:05:21,651 - INFO - Current time: Thu Oct 12 16:05:21 2023
2023-10-12 16:05:23,653 - INFO - Current time: Thu Oct 12 16:05:23 2023
2023-10-12 16:05:25,659 - INFO - Current time: Thu Oct 12 16:05:25 2023
2023-10-12 16:05:27,660 - INFO - Current time: Thu Oct 12 16:05:27 2023
2023-10-12 16:05:29,663 - INFO - Current time: Thu Oct 12 16:05:29 2023
2023-10-12 16:05:31,667 - INFO - Current time: Thu Oct 12 16:05:31 2023
2023-10-12 16:05:33,670 - INFO - Current time: Thu Oct 12 16:05:33 2023
2023-10-12 16:05:35,683 - INFO - Current time: Thu Oct 12 16:05:35 2023
2023-10-12 16:05:37,688 - INFO - Current time: Thu Oct 12 16:05:37 2023
2023-10-12 16:05:39,697 - INFO - Current time: Thu Oct 12 16:05:39 2023
2023-10-12 16:05:41,703 - INFO - Current time: Thu Oct 12 16:05:41 2023
2023-10-12 16:05:43,712 - INFO - Current time: Thu Oct 12 16:05:43 2023
2023-10-12 16:05:45,719 - INFO - Current time: Thu Oct 12 16:05:45 2023
2023-10-12 16:05:47,727 - INFO - Current time: Thu Oct 12 16:05:47 2023
2023-10-12 16:05:49,733 - INFO - Current time: Thu Oct 12 16:05:49 2023
2023-10-12 16:05:51,741 - INFO - Current time: Thu Oct 12 16:05:51 2023
2023-10-12 16:05:53,747 - INFO - Current time: Thu Oct 12 16:05:53 2023
2023-10-12 16:05:55,757 - INFO - Current time: Thu Oct 12 16:05:55 2023
2023-10-12 16:05:57,764 - INFO - Current time: Thu Oct 12 16:05:57 2023
2023-10-12 16:05:59,770 - INFO - Current time: Thu Oct 12 16:05:59 2023
2023-10-12 16:06:01,785 - INFO - Current time: Thu Oct 12 16:06:01 2023
2023-10-12 16:06:03,799 - INFO - Current time: Thu Oct 12 16:06:03 2023
2023-10-12 16:06:05,813 - INFO - Current time: Thu Oct 12 16:06:05 2023
2023-10-12 16:06:07,822 - INFO - Current time: Thu Oct 12 16:06:07 2023
2023-10-12 16:06:09,833 - INFO - Current time: Thu Oct 12 16:06:09 2023
2023-10-12 16:06:11,843 - INFO - Current time: Thu Oct 12 16:06:11 2023
2023-10-12 16:06:13,848 - INFO - Current time: Thu Oct 12 16:06:13 2023
2023-10-12 16:06:15,855 - INFO - Current time: Thu Oct 12 16:06:15 2023
2023-10-12 16:06:17,862 - INFO - Current time: Thu Oct 12 16:06:17 2023
2023-10-12 16:06:19,878 - INFO - Current time: Thu Oct 12 16:06:19 2023
2023-10-12 16:06:21,887 - INFO - Current time: Thu Oct 12 16:06:21 2023
2023-10-12 16:06:23,890 - INFO - Current time: Thu Oct 12 16:06:23 2023
2023-10-12 16:06:25,895 - INFO - Current time: Thu Oct 12 16:06:25 2023
2023-10-12 16:06:27,905 - INFO - Current time: Thu Oct 12 16:06:27 2023
2023-10-12 16:06:29,917 - INFO - Current time: Thu Oct 12 16:06:29 2023
2023-10-12 16:06:31,923 - INFO - Current time: Thu Oct 12 16:06:31 2023
2023-10-12 16:06:33,929 - INFO - Current time: Thu Oct 12 16:06:33 2023
2023-10-12 16:06:35,940 - INFO - Current time: Thu Oct 12 16:06:35 2023
2023-10-12 16:06:37,952 - INFO - Current time: Thu Oct 12 16:06:37 2023
2023-10-12 16:06:39,961 - INFO - Current time: Thu Oct 12 16:06:39 2023
2023-10-12 16:06:41,972 - INFO - Current time: Thu Oct 12 16:06:41 2023
2023-10-12 16:06:43,982 - INFO - Current time: Thu Oct 12 16:06:43 2023
2023-10-12 16:06:45,994 - INFO - Current time: Thu Oct 12 16:06:45 2023
2023-10-12 16:06:47,998 - INFO - Current time: Thu Oct 12 16:06:47 2023
2023-10-12 16:06:50,004 - INFO - Current time: Thu Oct 12 16:06:50 2023
2023-10-12 16:06:52,009 - INFO - Current time: Thu Oct 12 16:06:52 2023
2023-10-12 16:06:54,021 - INFO - Current time: Thu Oct 12 16:06:54 2023
2023-10-12 16:06:56,028 - INFO - Current time: Thu Oct 12 16:06:56 2023
2023-10-12 16:06:58,032 - INFO - Current time: Thu Oct 12 16:06:58 2023
2023-10-12 16:07:00,038 - INFO - Current time: Thu Oct 12 16:07:00 2023
2023-10-12 16:07:02,046 - INFO - Current time: Thu Oct 12 16:07:02 2023
2023-10-12 16:07:04,054 - INFO - Current time: Thu Oct 12 16:07:04 2023
2023-10-12 16:07:06,061 - INFO - Current time: Thu Oct 12 16:07:06 2023
2023-10-12 16:07:08,076 - INFO - Current time: Thu Oct 12 16:07:08 2023
2023-10-12 16:07:10,082 - INFO - Current time: Thu Oct 12 16:07:10 2023
2023-10-12 16:07:12,099 - INFO - Current time: Thu Oct 12 16:07:12 2023
2023-10-12 16:07:14,108 - INFO - Current time: Thu Oct 12 16:07:14 2023
2023-10-12 16:07:16,117 - INFO - Current time: Thu Oct 12 16:07:16 2023
2023-10-12 16:07:18,125 - INFO - Current time: Thu Oct 12 16:07:18 2023
2023-10-12 16:07:20,141 - INFO - Current time: Thu Oct 12 16:07:20 2023
2023-10-12 16:07:22,147 - INFO - Current time: Thu Oct 12 16:07:22 2023
2023-10-12 16:07:24,155 - INFO - Current time: Thu Oct 12 16:07:24 2023
2023-10-12 16:07:26,159 - INFO - Current time: Thu Oct 12 16:07:26 2023
2023-10-12 16:07:28,166 - INFO - Current time: Thu Oct 12 16:07:28 2023
2023-10-12 16:07:30,177 - INFO - Current time: Thu Oct 12 16:07:30 2023
2023-10-12 16:07:32,188 - INFO - Current time: Thu Oct 12 16:07:32 2023
2023-10-12 16:07:34,201 - INFO - Current time: Thu Oct 12 16:07:34 2023
2023-10-12 16:07:36,211 - INFO - Current time: Thu Oct 12 16:07:36 2023
2023-10-12 16:07:38,220 - INFO - Current time: Thu Oct 12 16:07:38 2023
2023-10-12 16:07:40,225 - INFO - Current time: Thu Oct 12 16:07:40 2023
2023-10-12 16:07:42,231 - INFO - Current time: Thu Oct 12 16:07:42 2023
2023-10-12 16:07:44,243 - INFO - Current time: Thu Oct 12 16:07:44 2023
2023-10-12 16:07:46,252 - INFO - Current time: Thu Oct 12 16:07:46 2023
2023-10-12 16:07:48,266 - INFO - Current time: Thu Oct 12 16:07:48 2023
2023-10-12 16:07:50,273 - INFO - Current time: Thu Oct 12 16:07:50 2023
2023-10-12 16:07:52,280 - INFO - Current time: Thu Oct 12 16:07:52 2023
2023-10-12 16:07:54,285 - INFO - Current time: Thu Oct 12 16:07:54 2023
2023-10-12 16:07:56,290 - INFO - Current time: Thu Oct 12 16:07:56 2023
2023-10-12 16:07:58,302 - INFO - Current time: Thu Oct 12 16:07:58 2023
2023-10-12 16:08:00,310 - INFO - Current time: Thu Oct 12 16:08:00 2023
2023-10-12 16:08:02,317 - INFO - Current time: Thu Oct 12 16:08:02 2023
2023-10-12 16:08:04,323 - INFO - Current time: Thu Oct 12 16:08:04 2023
2023-10-12 16:08:06,327 - INFO - Current time: Thu Oct 12 16:08:06 2023
2023-10-12 16:08:08,343 - INFO - Current time: Thu Oct 12 16:08:08 2023
2023-10-12 16:08:10,357 - INFO - Current time: Thu Oct 12 16:08:10 2023
2023-10-12 16:08:12,364 - INFO - Current time: Thu Oct 12 16:08:12 2023
2023-10-12 16:08:14,374 - INFO - Current time: Thu Oct 12 16:08:14 2023
2023-10-12 16:08:16,388 - INFO - Current time: Thu Oct 12 16:08:16 2023
2023-10-12 16:08:18,400 - INFO - Current time: Thu Oct 12 16:08:18 2023
2023-10-12 16:08:20,410 - INFO - Current time: Thu Oct 12 16:08:20 2023
2023-10-12 16:08:22,422 - INFO - Current time: Thu Oct 12 16:08:22 2023
2023-10-12 16:08:24,428 - INFO - Current time: Thu Oct 12 16:08:24 2023
2023-10-12 16:08:26,439 - INFO - Current time: Thu Oct 12 16:08:26 2023
2023-10-12 16:08:28,449 - INFO - Current time: Thu Oct 12 16:08:28 2023
2023-10-12 16:08:30,453 - INFO - Current time: Thu Oct 12 16:08:30 2023
2023-10-12 16:08:32,467 - INFO - Current time: Thu Oct 12 16:08:32 2023
2023-10-12 16:08:34,470 - INFO - Current time: Thu Oct 12 16:08:34 2023
2023-10-12 16:08:36,478 - INFO - Current time: Thu Oct 12 16:08:36 2023
2023-10-12 16:08:38,488 - INFO - Current time: Thu Oct 12 16:08:38 2023
2023-10-12 16:08:40,496 - INFO - Current time: Thu Oct 12 16:08:40 2023
2023-10-12 16:08:42,502 - INFO - Current time: Thu Oct 12 16:08:42 2023
2023-10-12 16:08:44,515 - INFO - Current time: Thu Oct 12 16:08:44 2023
2023-10-12 16:08:46,519 - INFO - Current time: Thu Oct 12 16:08:46 2023
2023-10-12 16:08:48,528 - INFO - Current time: Thu Oct 12 16:08:48 2023
2023-10-12 16:08:50,538 - INFO - Current time: Thu Oct 12 16:08:50 2023
2023-10-12 16:08:52,543 - INFO - Current time: Thu Oct 12 16:08:52 2023
2023-10-12 16:08:54,550 - INFO - Current time: Thu Oct 12 16:08:54 2023
2023-10-12 16:08:56,558 - INFO - Current time: Thu Oct 12 16:08:56 2023
2023-10-12 16:08:58,572 - INFO - Current time: Thu Oct 12 16:08:58 2023
2023-10-12 16:09:00,582 - INFO - Current time: Thu Oct 12 16:09:00 2023
2023-10-12 16:09:02,588 - INFO - Current time: Thu Oct 12 16:09:02 2023
2023-10-12 16:09:04,594 - INFO - Current time: Thu Oct 12 16:09:04 2023
2023-10-12 16:09:06,604 - INFO - Current time: Thu Oct 12 16:09:06 2023
2023-10-12 16:09:08,610 - INFO - Current time: Thu Oct 12 16:09:08 2023
2023-10-12 16:09:10,621 - INFO - Current time: Thu Oct 12 16:09:10 2023
2023-10-12 16:09:12,632 - INFO - Current time: Thu Oct 12 16:09:12 2023
2023-10-12 16:09:14,635 - INFO - Current time: Thu Oct 12 16:09:14 2023
2023-10-12 16:09:16,641 - INFO - Current time: Thu Oct 12 16:09:16 2023
2023-10-12 16:09:18,650 - INFO - Current time: Thu Oct 12 16:09:18 2023
2023-10-12 16:09:20,656 - INFO - Current time: Thu Oct 12 16:09:20 2023
2023-10-12 16:09:22,665 - INFO - Current time: Thu Oct 12 16:09:22 2023
2023-10-12 16:09:24,674 - INFO - Current time: Thu Oct 12 16:09:24 2023
2023-10-12 16:09:26,681 - INFO - Current time: Thu Oct 12 16:09:26 2023
2023-10-12 16:09:28,692 - INFO - Current time: Thu Oct 12 16:09:28 2023
2023-10-12 16:09:30,699 - INFO - Current time: Thu Oct 12 16:09:30 2023
2023-10-12 16:09:32,709 - INFO - Current time: Thu Oct 12 16:09:32 2023
2023-10-12 16:09:34,720 - INFO - Current time: Thu Oct 12 16:09:34 2023
2023-10-12 16:09:36,731 - INFO - Current time: Thu Oct 12 16:09:36 2023
2023-10-12 16:09:38,746 - INFO - Current time: Thu Oct 12 16:09:38 2023
2023-10-12 16:09:40,756 - INFO - Current time: Thu Oct 12 16:09:40 2023
2023-10-12 16:09:42,765 - INFO - Current time: Thu Oct 12 16:09:42 2023
2023-10-12 16:09:44,773 - INFO - Current time: Thu Oct 12 16:09:44 2023
2023-10-12 16:09:46,781 - INFO - Current time: Thu Oct 12 16:09:46 2023
2023-10-12 16:09:48,797 - INFO - Current time: Thu Oct 12 16:09:48 2023
2023-10-12 16:09:50,806 - INFO - Current time: Thu Oct 12 16:09:50 2023
2023-10-12 16:09:52,816 - INFO - Current time: Thu Oct 12 16:09:52 2023
2023-10-12 16:09:54,827 - INFO - Current time: Thu Oct 12 16:09:54 2023
2023-10-12 16:09:56,839 - INFO - Current time: Thu Oct 12 16:09:56 2023
2023-10-12 16:09:58,844 - INFO - Current time: Thu Oct 12 16:09:58 2023
2023-10-12 16:10:00,853 - INFO - Current time: Thu Oct 12 16:10:00 2023
2023-10-12 16:10:02,861 - INFO - Current time: Thu Oct 12 16:10:02 2023
2023-10-12 16:10:04,869 - INFO - Current time: Thu Oct 12 16:10:04 2023
2023-10-12 16:10:06,878 - INFO - Current time: Thu Oct 12 16:10:06 2023
2023-10-12 16:10:08,884 - INFO - Current time: Thu Oct 12 16:10:08 2023
2023-10-12 16:10:10,892 - INFO - Current time: Thu Oct 12 16:10:10 2023
2023-10-12 16:10:12,901 - INFO - Current time: Thu Oct 12 16:10:12 2023
2023-10-12 16:10:14,905 - INFO - Current time: Thu Oct 12 16:10:14 2023
2023-10-12 16:10:16,915 - INFO - Current time: Thu Oct 12 16:10:16 2023
2023-10-12 16:10:18,926 - INFO - Current time: Thu Oct 12 16:10:18 2023
2023-10-12 16:10:20,937 - INFO - Current time: Thu Oct 12 16:10:20 2023
2023-10-12 16:10:22,946 - INFO - Current time: Thu Oct 12 16:10:22 2023
2023-10-12 16:10:24,954 - INFO - Current time: Thu Oct 12 16:10:24 2023
2023-10-12 16:10:26,965 - INFO - Current time: Thu Oct 12 16:10:26 2023
2023-10-12 16:10:28,978 - INFO - Current time: Thu Oct 12 16:10:28 2023
2023-10-12 16:10:30,995 - INFO - Current time: Thu Oct 12 16:10:30 2023
2023-10-12 16:10:33,000 - INFO - Current time: Thu Oct 12 16:10:33 2023
2023-10-12 16:10:35,004 - INFO - Current time: Thu Oct 12 16:10:35 2023
2023-10-12 16:10:37,015 - INFO - Current time: Thu Oct 12 16:10:37 2023
2023-10-12 16:10:39,023 - INFO - Current time: Thu Oct 12 16:10:39 2023
2023-10-12 16:10:41,032 - INFO - Current time: Thu Oct 12 16:10:41 2023
2023-10-12 16:10:43,033 - INFO - Current time: Thu Oct 12 16:10:43 2023
2023-10-12 16:10:45,041 - INFO - Current time: Thu Oct 12 16:10:45 2023
2023-10-12 16:10:47,051 - INFO - Current time: Thu Oct 12 16:10:47 2023
2023-10-12 16:10:49,061 - INFO - Current time: Thu Oct 12 16:10:49 2023
2023-10-12 16:10:51,073 - INFO - Current time: Thu Oct 12 16:10:51 2023
2023-10-12 16:10:53,085 - INFO - Current time: Thu Oct 12 16:10:53 2023
2023-10-12 16:10:55,096 - INFO - Current time: Thu Oct 12 16:10:55 2023
2023-10-12 16:10:57,110 - INFO - Current time: Thu Oct 12 16:10:57 2023
2023-10-12 16:10:59,121 - INFO - Current time: Thu Oct 12 16:10:59 2023
2023-10-12 16:11:01,127 - INFO - Current time: Thu Oct 12 16:11:01 2023
2023-10-12 16:11:03,135 - INFO - Current time: Thu Oct 12 16:11:03 2023
2023-10-12 16:11:05,144 - INFO - Current time: Thu Oct 12 16:11:05 2023
2023-10-12 16:11:07,152 - INFO - Current time: Thu Oct 12 16:11:07 2023
2023-10-12 16:11:09,157 - INFO - Current time: Thu Oct 12 16:11:09 2023
2023-10-12 16:11:11,165 - INFO - Current time: Thu Oct 12 16:11:11 2023
2023-10-12 16:11:13,175 - INFO - Current time: Thu Oct 12 16:11:13 2023
2023-10-12 16:11:15,180 - INFO - Current time: Thu Oct 12 16:11:15 2023
2023-10-12 16:11:17,184 - INFO - Current time: Thu Oct 12 16:11:17 2023
2023-10-12 16:11:19,193 - INFO - Current time: Thu Oct 12 16:11:19 2023
2023-10-12 16:11:21,201 - INFO - Current time: Thu Oct 12 16:11:21 2023
2023-10-12 16:11:23,204 - INFO - Current time: Thu Oct 12 16:11:23 2023
2023-10-12 16:11:25,208 - INFO - Current time: Thu Oct 12 16:11:25 2023
2023-10-12 16:11:27,217 - INFO - Current time: Thu Oct 12 16:11:27 2023
2023-10-12 16:11:29,227 - INFO - Current time: Thu Oct 12 16:11:29 2023
2023-10-12 16:11:31,243 - INFO - Current time: Thu Oct 12 16:11:31 2023
2023-10-12 16:11:33,257 - INFO - Current time: Thu Oct 12 16:11:33 2023
2023-10-12 16:11:35,271 - INFO - Current time: Thu Oct 12 16:11:35 2023
2023-10-12 16:11:37,275 - INFO - Current time: Thu Oct 12 16:11:37 2023
2023-10-12 16:11:39,287 - INFO - Current time: Thu Oct 12 16:11:39 2023
2023-10-12 16:11:41,292 - INFO - Current time: Thu Oct 12 16:11:41 2023
2023-10-12 16:11:43,300 - INFO - Current time: Thu Oct 12 16:11:43 2023
2023-10-12 16:11:45,307 - INFO - Current time: Thu Oct 12 16:11:45 2023
2023-10-12 16:11:47,321 - INFO - Current time: Thu Oct 12 16:11:47 2023
2023-10-12 16:11:49,326 - INFO - Current time: Thu Oct 12 16:11:49 2023
2023-10-12 16:11:51,334 - INFO - Current time: Thu Oct 12 16:11:51 2023
2023-10-12 16:11:53,343 - INFO - Current time: Thu Oct 12 16:11:53 2023
2023-10-12 16:11:55,356 - INFO - Current time: Thu Oct 12 16:11:55 2023
2023-10-12 16:11:57,362 - INFO - Current time: Thu Oct 12 16:11:57 2023
2023-10-12 16:11:59,369 - INFO - Current time: Thu Oct 12 16:11:59 2023
2023-10-12 16:12:01,375 - INFO - Current time: Thu Oct 12 16:12:01 2023
2023-10-12 16:12:03,384 - INFO - Current time: Thu Oct 12 16:12:03 2023
2023-10-12 16:12:05,392 - INFO - Current time: Thu Oct 12 16:12:05 2023
2023-10-12 16:12:07,394 - INFO - Current time: Thu Oct 12 16:12:07 2023
2023-10-12 16:12:09,406 - INFO - Current time: Thu Oct 12 16:12:09 2023
2023-10-12 16:12:11,411 - INFO - Current time: Thu Oct 12 16:12:11 2023
2023-10-12 16:12:13,422 - INFO - Current time: Thu Oct 12 16:12:13 2023
2023-10-12 16:12:15,424 - INFO - Current time: Thu Oct 12 16:12:15 2023
2023-10-12 16:12:17,440 - INFO - Current time: Thu Oct 12 16:12:17 2023
2023-10-12 16:12:19,445 - INFO - Current time: Thu Oct 12 16:12:19 2023
2023-10-12 16:12:21,454 - INFO - Current time: Thu Oct 12 16:12:21 2023
2023-10-12 16:12:23,466 - INFO - Current time: Thu Oct 12 16:12:23 2023
2023-10-12 16:12:25,469 - INFO - Current time: Thu Oct 12 16:12:25 2023
2023-10-12 16:12:27,483 - INFO - Current time: Thu Oct 12 16:12:27 2023
2023-10-12 16:12:29,494 - INFO - Current time: Thu Oct 12 16:12:29 2023
2023-10-12 16:12:31,496 - INFO - Current time: Thu Oct 12 16:12:31 2023
2023-10-12 16:12:33,504 - INFO - Current time: Thu Oct 12 16:12:33 2023
2023-10-12 16:12:35,515 - INFO - Current time: Thu Oct 12 16:12:35 2023
2023-10-12 16:12:37,530 - INFO - Current time: Thu Oct 12 16:12:37 2023
2023-10-12 16:12:39,537 - INFO - Current time: Thu Oct 12 16:12:39 2023
2023-10-12 16:12:41,552 - INFO - Current time: Thu Oct 12 16:12:41 2023
2023-10-12 16:12:43,564 - INFO - Current time: Thu Oct 12 16:12:43 2023
2023-10-12 16:12:45,575 - INFO - Current time: Thu Oct 12 16:12:45 2023
2023-10-12 16:12:47,585 - INFO - Current time: Thu Oct 12 16:12:47 2023
2023-10-12 16:12:49,593 - INFO - Current time: Thu Oct 12 16:12:49 2023
2023-10-12 16:12:51,601 - INFO - Current time: Thu Oct 12 16:12:51 2023
2023-10-12 16:12:53,611 - INFO - Current time: Thu Oct 12 16:12:53 2023
2023-10-12 16:12:55,623 - INFO - Current time: Thu Oct 12 16:12:55 2023
2023-10-12 16:12:57,629 - INFO - Current time: Thu Oct 12 16:12:57 2023
2023-10-12 16:12:59,642 - INFO - Current time: Thu Oct 12 16:12:59 2023
2023-10-12 16:13:01,648 - INFO - Current time: Thu Oct 12 16:13:01 2023
2023-10-12 16:13:03,660 - INFO - Current time: Thu Oct 12 16:13:03 2023
2023-10-12 16:13:05,667 - INFO - Current time: Thu Oct 12 16:13:05 2023
2023-10-12 16:13:07,671 - INFO - Current time: Thu Oct 12 16:13:07 2023
2023-10-12 16:13:09,685 - INFO - Current time: Thu Oct 12 16:13:09 2023
2023-10-12 16:13:11,698 - INFO - Current time: Thu Oct 12 16:13:11 2023
2023-10-12 16:13:13,710 - INFO - Current time: Thu Oct 12 16:13:13 2023
2023-10-12 16:13:15,713 - INFO - Current time: Thu Oct 12 16:13:15 2023
2023-10-12 16:13:17,726 - INFO - Current time: Thu Oct 12 16:13:17 2023
2023-10-12 16:13:19,733 - INFO - Current time: Thu Oct 12 16:13:19 2023
2023-10-12 16:13:21,738 - INFO - Current time: Thu Oct 12 16:13:21 2023
2023-10-12 16:13:23,746 - INFO - Current time: Thu Oct 12 16:13:23 2023
2023-10-12 16:13:25,754 - INFO - Current time: Thu Oct 12 16:13:25 2023
2023-10-12 16:13:27,761 - INFO - Current time: Thu Oct 12 16:13:27 2023
2023-10-12 16:13:29,770 - INFO - Current time: Thu Oct 12 16:13:29 2023
2023-10-12 16:13:31,778 - INFO - Current time: Thu Oct 12 16:13:31 2023
2023-10-12 16:13:33,790 - INFO - Current time: Thu Oct 12 16:13:33 2023
2023-10-12 16:13:35,798 - INFO - Current time: Thu Oct 12 16:13:35 2023
2023-10-12 16:13:37,811 - INFO - Current time: Thu Oct 12 16:13:37 2023
2023-10-12 16:13:39,822 - INFO - Current time: Thu Oct 12 16:13:39 2023
2023-10-12 16:13:41,831 - INFO - Current time: Thu Oct 12 16:13:41 2023
2023-10-12 16:13:43,834 - INFO - Current time: Thu Oct 12 16:13:43 2023
2023-10-12 16:13:45,844 - INFO - Current time: Thu Oct 12 16:13:45 2023
2023-10-12 16:13:47,856 - INFO - Current time: Thu Oct 12 16:13:47 2023
2023-10-12 16:13:49,859 - INFO - Current time: Thu Oct 12 16:13:49 2023
2023-10-12 16:13:51,871 - INFO - Current time: Thu Oct 12 16:13:51 2023
2023-10-12 16:13:53,879 - INFO - Current time: Thu Oct 12 16:13:53 2023
2023-10-12 16:13:55,883 - INFO - Current time: Thu Oct 12 16:13:55 2023
2023-10-12 16:13:57,893 - INFO - Current time: Thu Oct 12 16:13:57 2023
2023-10-12 16:13:59,909 - INFO - Current time: Thu Oct 12 16:13:59 2023
2023-10-12 16:14:01,914 - INFO - Current time: Thu Oct 12 16:14:01 2023
2023-10-12 16:14:03,927 - INFO - Current time: Thu Oct 12 16:14:03 2023
2023-10-12 16:14:05,941 - INFO - Current time: Thu Oct 12 16:14:05 2023
2023-10-12 16:14:07,951 - INFO - Current time: Thu Oct 12 16:14:07 2023
2023-10-12 16:14:09,957 - INFO - Current time: Thu Oct 12 16:14:09 2023
2023-10-12 16:14:11,961 - INFO - Current time: Thu Oct 12 16:14:11 2023
2023-10-12 16:14:13,970 - INFO - Current time: Thu Oct 12 16:14:13 2023
2023-10-12 16:14:15,985 - INFO - Current time: Thu Oct 12 16:14:15 2023
2023-10-12 16:14:17,996 - INFO - Current time: Thu Oct 12 16:14:17 2023
2023-10-12 16:14:20,000 - INFO - Current time: Thu Oct 12 16:14:20 2023
2023-10-12 16:14:22,003 - INFO - Current time: Thu Oct 12 16:14:22 2023
2023-10-12 16:14:24,012 - INFO - Current time: Thu Oct 12 16:14:24 2023
2023-10-12 16:14:26,021 - INFO - Current time: Thu Oct 12 16:14:26 2023
2023-10-12 16:14:28,032 - INFO - Current time: Thu Oct 12 16:14:28 2023
2023-10-12 16:14:30,045 - INFO - Current time: Thu Oct 12 16:14:30 2023
2023-10-12 16:14:32,058 - INFO - Current time: Thu Oct 12 16:14:32 2023
2023-10-12 16:14:34,067 - INFO - Current time: Thu Oct 12 16:14:34 2023
2023-10-12 16:14:36,077 - INFO - Current time: Thu Oct 12 16:14:36 2023
2023-10-12 16:14:38,086 - INFO - Current time: Thu Oct 12 16:14:38 2023
2023-10-12 16:14:40,090 - INFO - Current time: Thu Oct 12 16:14:40 2023
2023-10-12 16:14:42,091 - INFO - Current time: Thu Oct 12 16:14:42 2023
2023-10-12 16:14:44,097 - INFO - Current time: Thu Oct 12 16:14:44 2023
2023-10-12 16:14:46,113 - INFO - Current time: Thu Oct 12 16:14:46 2023
2023-10-12 16:14:48,121 - INFO - Current time: Thu Oct 12 16:14:48 2023
2023-10-12 16:14:50,125 - INFO - Current time: Thu Oct 12 16:14:50 2023
2023-10-12 16:14:52,140 - INFO - Current time: Thu Oct 12 16:14:52 2023
2023-10-12 16:14:54,142 - INFO - Current time: Thu Oct 12 16:14:54 2023
2023-10-12 16:14:56,150 - INFO - Current time: Thu Oct 12 16:14:56 2023
2023-10-12 16:14:58,162 - INFO - Current time: Thu Oct 12 16:14:58 2023
2023-10-12 16:15:00,167 - INFO - Current time: Thu Oct 12 16:15:00 2023
2023-10-12 16:15:02,183 - INFO - Current time: Thu Oct 12 16:15:02 2023
2023-10-12 16:15:04,193 - INFO - Current time: Thu Oct 12 16:15:04 2023
2023-10-12 16:15:06,203 - INFO - Current time: Thu Oct 12 16:15:06 2023
2023-10-12 16:15:08,208 - INFO - Current time: Thu Oct 12 16:15:08 2023
2023-10-12 16:15:10,215 - INFO - Current time: Thu Oct 12 16:15:10 2023
2023-10-12 16:15:12,223 - INFO - Current time: Thu Oct 12 16:15:12 2023
2023-10-12 16:15:14,232 - INFO - Current time: Thu Oct 12 16:15:14 2023
2023-10-12 16:15:16,246 - INFO - Current time: Thu Oct 12 16:15:16 2023
2023-10-12 16:15:18,250 - INFO - Current time: Thu Oct 12 16:15:18 2023
2023-10-12 16:15:20,252 - INFO - Current time: Thu Oct 12 16:15:20 2023
2023-10-12 16:15:22,262 - INFO - Current time: Thu Oct 12 16:15:22 2023
2023-10-12 16:15:24,274 - INFO - Current time: Thu Oct 12 16:15:24 2023
2023-10-12 16:15:26,286 - INFO - Current time: Thu Oct 12 16:15:26 2023
2023-10-12 16:15:28,296 - INFO - Current time: Thu Oct 12 16:15:28 2023
2023-10-12 16:15:30,305 - INFO - Current time: Thu Oct 12 16:15:30 2023
2023-10-12 16:15:32,316 - INFO - Current time: Thu Oct 12 16:15:32 2023
2023-10-12 16:15:34,324 - INFO - Current time: Thu Oct 12 16:15:34 2023
2023-10-12 16:15:36,336 - INFO - Current time: Thu Oct 12 16:15:36 2023
2023-10-12 16:15:38,344 - INFO - Current time: Thu Oct 12 16:15:38 2023
2023-10-12 16:15:40,354 - INFO - Current time: Thu Oct 12 16:15:40 2023
2023-10-12 16:15:42,366 - INFO - Current time: Thu Oct 12 16:15:42 2023
2023-10-12 16:15:44,375 - INFO - Current time: Thu Oct 12 16:15:44 2023
2023-10-12 16:15:46,382 - INFO - Current time: Thu Oct 12 16:15:46 2023
2023-10-12 16:15:48,393 - INFO - Current time: Thu Oct 12 16:15:48 2023
2023-10-12 16:15:50,408 - INFO - Current time: Thu Oct 12 16:15:50 2023
2023-10-12 16:15:52,417 - INFO - Current time: Thu Oct 12 16:15:52 2023
2023-10-12 16:15:54,430 - INFO - Current time: Thu Oct 12 16:15:54 2023
2023-10-12 16:15:56,445 - INFO - Current time: Thu Oct 12 16:15:56 2023
2023-10-12 16:15:58,449 - INFO - Current time: Thu Oct 12 16:15:58 2023
2023-10-12 16:16:00,466 - INFO - Current time: Thu Oct 12 16:16:00 2023
2023-10-12 16:16:02,482 - INFO - Current time: Thu Oct 12 16:16:02 2023
2023-10-12 16:16:04,490 - INFO - Current time: Thu Oct 12 16:16:04 2023
2023-10-12 16:16:06,499 - INFO - Current time: Thu Oct 12 16:16:06 2023
2023-10-12 16:16:08,505 - INFO - Current time: Thu Oct 12 16:16:08 2023
2023-10-12 16:16:10,509 - INFO - Current time: Thu Oct 12 16:16:10 2023
2023-10-12 16:16:12,516 - INFO - Current time: Thu Oct 12 16:16:12 2023
2023-10-12 16:16:14,526 - INFO - Current time: Thu Oct 12 16:16:14 2023
2023-10-12 16:16:16,534 - INFO - Current time: Thu Oct 12 16:16:16 2023
2023-10-12 16:16:18,537 - INFO - Current time: Thu Oct 12 16:16:18 2023
2023-10-12 16:16:20,552 - INFO - Current time: Thu Oct 12 16:16:20 2023
2023-10-12 16:16:22,556 - INFO - Current time: Thu Oct 12 16:16:22 2023
2023-10-12 16:16:24,561 - INFO - Current time: Thu Oct 12 16:16:24 2023
2023-10-12 16:16:26,574 - INFO - Current time: Thu Oct 12 16:16:26 2023
2023-10-12 16:16:28,588 - INFO - Current time: Thu Oct 12 16:16:28 2023
2023-10-12 16:16:30,589 - INFO - Current time: Thu Oct 12 16:16:30 2023
2023-10-12 16:16:32,599 - INFO - Current time: Thu Oct 12 16:16:32 2023
2023-10-12 16:16:34,612 - INFO - Current time: Thu Oct 12 16:16:34 2023
2023-10-12 16:16:36,614 - INFO - Current time: Thu Oct 12 16:16:36 2023
2023-10-12 16:16:38,620 - INFO - Current time: Thu Oct 12 16:16:38 2023
2023-10-12 16:16:40,670 - INFO - Current time: Thu Oct 12 16:16:40 2023
2023-10-13 11:57:47,465 - INFO - Current time: Fri Oct 13 11:57:47 2023
2023-10-13 11:58:27,884 - INFO - Current time: Fri Oct 13 11:58:27 2023
2023-10-13 11:58:29,899 - INFO - Current time: Fri Oct 13 11:58:29 2023
2023-10-13 11:58:31,906 - INFO - Current time: Fri Oct 13 11:58:31 2023
2023-10-17 14:28:55,214 - INFO - Current time: Tue Oct 17 14:28:55 2023
2023-10-17 14:28:57,217 - INFO - Current time: Tue Oct 17 14:28:57 2023
2023-10-17 14:28:59,219 - INFO - Current time: Tue Oct 17 14:28:59 2023
2023-10-17 14:29:01,227 - INFO - Current time: Tue Oct 17 14:29:01 2023
2023-10-17 14:29:03,230 - INFO - Current time: Tue Oct 17 14:29:03 2023
2023-10-17 14:29:05,240 - INFO - Current time: Tue Oct 17 14:29:05 2023
2023-10-17 14:29:07,242 - INFO - Current time: Tue Oct 17 14:29:07 2023
2023-10-17 14:29:09,252 - INFO - Current time: Tue Oct 17 14:29:09 2023
2023-10-17 14:33:21,062 - INFO - Current time: Tue Oct 17 14:33:21 2023
2023-10-17 14:33:23,071 - INFO - Current time: Tue Oct 17 14:33:23 2023
2023-10-17 14:33:25,079 - INFO - Current time: Tue Oct 17 14:33:25 2023
2023-10-17 14:33:27,090 - INFO - Current time: Tue Oct 17 14:33:27 2023
2023-10-18 15:14:39,393 - INFO - Current time: Wed Oct 18 15:14:39 2023
2023-10-18 15:14:41,402 - INFO - Current time: Wed Oct 18 15:14:41 2023
2023-10-18 15:14:43,408 - INFO - Current time: Wed Oct 18 15:14:43 2023
2023-10-18 15:14:45,415 - INFO - Current time: Wed Oct 18 15:14:45 2023
2023-10-18 15:14:47,423 - INFO - Current time: Wed Oct 18 15:14:47 2023
2023-10-18 15:14:49,428 - INFO - Current time: Wed Oct 18 15:14:49 2023
2023-10-18 15:14:51,437 - INFO - Current time: Wed Oct 18 15:14:51 2023
2023-10-18 16:22:58,380 - INFO - Current time: Wed Oct 18 16:22:58 2023
2023-10-18 16:23:00,384 - INFO - Current time: Wed Oct 18 16:23:00 2023
2023-10-18 16:23:02,398 - INFO - Current time: Wed Oct 18 16:23:02 2023
2023-10-18 16:23:28,115 - INFO - Current time: Wed Oct 18 16:23:28 2023
2023-10-18 16:23:30,124 - INFO - Current time: Wed Oct 18 16:23:30 2023
2023-10-18 16:23:32,131 - INFO - Current time: Wed Oct 18 16:23:32 2023
2023-10-18 16:23:34,144 - INFO - Current time: Wed Oct 18 16:23:34 2023
2023-10-18 16:23:36,153 - INFO - Current time: Wed Oct 18 16:23:36 2023
2023-10-18 16:23:38,169 - INFO - Current time: Wed Oct 18 16:23:38 2023
2023-10-18 16:23:40,176 - INFO - Current time: Wed Oct 18 16:23:40 2023
2023-10-18 16:23:42,179 - INFO - Current time: Wed Oct 18 16:23:42 2023
2023-10-18 16:23:44,193 - INFO - Current time: Wed Oct 18 16:23:44 2023
2023-10-18 16:23:46,198 - INFO - Current time: Wed Oct 18 16:23:46 2023
2023-10-18 16:23:48,205 - INFO - Current time: Wed Oct 18 16:23:48 2023
2023-10-18 16:23:50,209 - INFO - Current time: Wed Oct 18 16:23:50 2023
2023-10-18 16:23:52,213 - INFO - Current time: Wed Oct 18 16:23:52 2023
2023-10-18 16:23:54,223 - INFO - Current time: Wed Oct 18 16:23:54 2023
2023-10-18 16:23:56,229 - INFO - Current time: Wed Oct 18 16:23:56 2023
2023-10-18 16:23:58,243 - INFO - Current time: Wed Oct 18 16:23:58 2023
2023-10-18 16:24:00,246 - INFO - Current time: Wed Oct 18 16:24:00 2023
2023-10-18 16:24:02,253 - INFO - Current time: Wed Oct 18 16:24:02 2023
2023-10-18 16:24:04,267 - INFO - Current time: Wed Oct 18 16:24:04 2023
